// Jest Snapshot v1, https://goo.gl/fbAQLP

exports[`parse map should merge next array keys 1`] = `
{
  "data": Map {
    "A" => WikiItem {
      "array": true,
      "key": "A",
      "value": undefined,
      "values": [
        WikiArrayItem {
          "k": "1",
          "v": "b",
        },
        WikiArrayItem {
          "k": undefined,
          "v": "c",
        },
        WikiArrayItem {
          "k": "2",
          "v": "b",
        },
      ],
    },
    "c" => WikiItem {
      "array": undefined,
      "key": "c",
      "value": "e",
      "values": undefined,
    },
    "q" => WikiItem {
      "array": undefined,
      "key": "q",
      "value": "",
      "values": undefined,
    },
  },
  "type": "",
}
`;

exports[`parse map should merge next array keys 2`] = `
"{{Infobox
|A = {
[1|b]
[c]
[2|b]
}
|c = e
|q = 
}}"
`;
